gene,CHROM,position.dna,REF,ALT,POS,Pangolin
PEX10,chr1,2408451.0,C,T,2339890,PEX10|-3:0.02|1:-0.76|Warnings:
MTHFR,chr1,11790916.0,C,T,11850973,MTHFR|-2:0.7|-18:-0.57|Warnings:
MTHFR,chr1,11794385.0,C,T,11854442,MTHFR|-2:0.4|-27:-0.03|Warnings:
MTHFR,chr1,11794539.0,CT,C,11854596,MTHFR|-62:0.36|-1:-0.83|Warnings:
MTHFR,chr1,11794724.0,C,G,11854781,MTHFR|88:0.04|5:-0.78|Warnings:
PLOD1,chr1,11952620.0,CA,C,12012677,PLOD1|31:0.65|3:-0.83|Warnings:
PLOD1,chr1,11966985.0,A,G,12027042,PLOD1|41:0.12|2:-0.82|Warnings:
ATP13A2,chr1,16996381.0,C,T,17322876,ATP13A2|31:0.06|5:-0.73|Warnings:
SDHB,chr1,17028599.0,C,T,17355094,SDHB|55:0.43|1:-0.8|Warnings:
SDHB,chr1,17028737.0,C,G,17355232,SDHB|32:0.03|-1:-0.85|Warnings:
SDHB,chr1,17053947.0,C,A,17380442,SDHB|-195:0.41|1:-0.77|Warnings:
HMGCL,chr1,23817475.0,C,T,24143965,HMGCL|14:0.04|1:-0.87|Warnings:
DHDDS,chr1,26447535.0,A,G,26774026,DHDDS|-5:0.8|24:-0.57|Warnings:
MECR,chr1,29200513.0,T,TA,29527025,MECR|-103:0.37|3:-0.56|Warnings:
AK2,chr1,33014521.0,C,T,33480122,AK2|-3:0.26|1:-0.86|Warnings:
P3H1,chr1,42747254.0,C,T,43212925,P3H1|-1:0.57|18:-0.61|Warnings:
SZT2,chr1,43425950.0,G,A,43891621,SZT2|-11:0.04|-1:-0.88|Warnings:
MUTYH,chr1,45330513.0,T,A,45796185,MUTYH|-96:0.0|44:-0.76|Warnings:
MUTYH,chr1,45331180.0,G,A,45796852,MUTYH|63:0.01|-200:0.0|Warnings:
MUTYH,chr1,45331558.0,T,C,45797230,MUTYH|-14:0.86|-2:-0.89|Warnings:
MUTYH,chr1,45331656.0,G,C,45797328,MUTYH|176:0.01|-100:-0.0|Warnings:
MUTYH,chr1,45331660.0,C,A,45797332,MUTYH|-9:0.01|1:-0.63|Warnings:
MUTYH,chr1,45331809.0,C,T,45797481,MUTYH|-2:0.66|40:-0.32|Warnings:
MUTYH,chr1,45332163.0,T,G,45797835,MUTYH|72:0.11|3:-0.79|Warnings:
MUTYH,chr1,45332619.0,C,T,45798291,MUTYH|-2:0.01|68:-0.14|Warnings:
MUTYH,chr1,45332886.0,TCCTATTTCCCCTA,T,45798558,MUTYH|-2:0.01|32:-0.51|Warnings:
MUTYH,chr1,45333171.0,C,G,45798843,MUTYH|-13:0.79|-1:-0.86|Warnings:
MUTYH,chr1,45340215.0,G,C,45805887,TOE1|10:0.0|89:-0.0|Warnings:MUTYH|-97:0.0|4:-0.06|Warnings:
POMGNT1,chr1,46189457.0,C,G,46655129,POMGNT1|27:0.66|1:-0.87|Warnings:
POMGNT1,chr1,46189457.0,C,A,46655129,POMGNT1|27:0.67|1:-0.87|Warnings:
POMGNT1,chr1,46194860.0,G,A,46660532,POMGNT1|-8:0.0|-16:-0.29|Warnings:
CPT2,chr1,53202430.0,G,A,53668102,CPT2|3:0.8|-1:-0.87|Warnings:
ALG6,chr1,63402344.0,G,GT,63868015,ALG6|-91:0.02|-1:-0.85|Warnings:
ALG6,chr1,63402348.0,G,A,63868019,ALG6|-95:0.02|-5:-0.79|Warnings:
PGM1,chr1,63648295.0,G,T,64113966,PGM1|-2:0.69|-199:0.0|Warnings:
ACADM,chr1,75745788.0,G,A,76211473,ACADM|47:0.12|18:-0.06|Warnings:
ACADM,chr1,75761116.0,T,G,76226801,ACADM|1:0.81|6:-0.67|Warnings:
ABCA4,chr1,94000832.0,T,C,94466388,ABCA4|54:0.08|4:-0.59|Warnings:
ABCA4,chr1,94001046.0,C,T,94466602,ABCA4|3:0.55|-44:-0.5|Warnings:
ABCA4,chr1,94011395.0,A,G,94476951,ABCA4|9:0.02|-10:-0.08|Warnings:
ABCA4,chr1,94018366.0,G,T,94483922,ABCA4|4:0.24|-200:0.0|Warnings:
ABCA4,chr1,94018445.0,C,T,94484001,ABCA4|-3:0.39|-200:0.0|Warnings:
ABCA4,chr1,94019575.0,CACTT,C,94485131,ABCA4|5:0.24|7:-0.84|Warnings:
ABCA4,chr1,94019581.0,C,T,94485137,ABCA4|-5:0.18|1:-0.84|Warnings:
ABCA4,chr1,94025056.0,A,T,94490612,ABCA4|-2:0.52|-8:-0.74|Warnings:
ABCA4,chr1,94027381.0,G,A,94492937,ABCA4|4:0.29|-200:0.0|Warnings:
ABCA4,chr1,94027417.0,G,A,94492973,ABCA4|137:0.02|-200:0.0|Warnings:
ABCA4,chr1,94027444.0,C,T,94493000,ABCA4|110:0.2|-200:0.0|Warnings:
ABCA4,chr1,94030427.0,C,T,94495983,ABCA4|-56:0.07|1:-0.52|Warnings:
ABCA4,chr1,94030427.0,C,G,94495983,ABCA4|-56:0.04|1:-0.53|Warnings:
ABCA4,chr1,94030953.0,C,T,94496509,ABCA4|-2:0.0|43:-0.03|Warnings:
ABCA4,chr1,94030991.0,C,T,94496547,ABCA4|-26:0.01|5:-0.44|Warnings:
ABCA4,chr1,94036737.0,T,C,94502293,ABCA4|-161:0.04|3:-0.71|Warnings:
ABCA4,chr1,94044608.0,C,T,94510164,ABCA4|-8:0.02|5:-0.69|Warnings:
ABCA4,chr1,94056830.0,C,T,94522386,ABCA4|-2:0.56|-8:-0.63|Warnings:
ABCA4,chr1,94062576.0,C,T,94528132,ABCA4|-10:0.23|1:-0.76|Warnings:
ABCA4,chr1,94081224.0,C,G,94546780,ABCA4|-58:0.07|-200:0.0|Warnings:
ABCA4,chr1,94081264.0,C,T,94546820,ABCA4|-1:0.17|-199:0.0|Warnings:
ABCA4,chr1,94084225.0,G,A,94549781,ABCA4|-6:0.09|-200:0.0|Warnings:
ALG14,chr1,95027119.0,TCTTA,T,95492675,ALG14|29:0.01|10:-0.17|Warnings:
AGL,chr1,99864592.0,A,G,100330148,AGL|-1:0.06|-3:-0.55|Warnings:
AGL,chr1,99880047.0,G,T,100345603,AGL|-37:0.01|-1:-0.77|Warnings:
AGL,chr1,99884704.0,G,T,100350260,AGL|40:0.14|-1:-0.85|Warnings:
AGL,chr1,99916398.0,A,G,100381954,AGL|1:0.76|12:-0.78|Warnings:
AGL,chr1,99916498.0,G,T,100382054,AGL|-24:0.04|-1:-0.81|Warnings:
DBT,chr1,100207186.0,T,C,100672742,DBT|1:0.8|-200:0.0|Warnings:
DBT,chr1,100210772.0,C,A,100676328,DBT|-25:0.11|-1:-0.88|Warnings:
DBT,chr1,100218750.0,GGTAACAAGGTAA,G,100684306,DBT|19:0.84|-3:-0.85|Warnings:
COL11A1,chr1,102915630.0,C,T,103381186,COL11A1|9:0.27|1:-0.83|Warnings:
COL11A1,chr1,102997075.0,C,A,103462631,COL11A1|-7:0.01|5:-0.8|Warnings:
COL11A1,chr1,103008517.0,CT,C,103474073,COL11A1|71:0.17|-1:-0.83|Warnings:
CASQ2,chr1,115705187.0,C,G,116247808,CASQ2|-68:0.62|5:-0.69|Warnings:
CTSK,chr1,150806225.0,C,T,150778701,CTSK|-2:0.13|-1:-0.78|Warnings:
CTSK,chr1,150806226.0,T,C,150778702,CTSK|-47:0.01|-2:-0.78|Warnings:
ADAR,chr1,154588263.0,A,G,154560739,ADAR|-8:0.02|-5:-0.08|Warnings:
LMNA,chr1,156130615.0,A,G,156100406,LMNA|12:0.74|2:-0.87|Warnings:
LMNA,chr1,156130740.0,C,T,156100531,LMNA|-2:0.31|33:-0.05|Warnings:
LMNA,chr1,156130818.0,T,G,156100609,LMNA|0:0.09|-45:-0.02|Warnings:
LMNA,chr1,156134795.0,A,G,156104586,LMNA|1:0.88|10:-0.84|Warnings:
LMNA,chr1,156134933.0,G,A,156104724,LMNA|-3:0.37|42:-0.07|Warnings:
LMNA,chr1,156134977.0,T,C,156104768,LMNA|-47:0.27|-2:-0.84|Warnings:
LMNA,chr1,156135890.0,C,G,156105681,LMNA|-29:0.69|11:-0.77|Warnings:
LMNA,chr1,156136916.0,G,A,156106707,LMNA|2:0.78|5:-0.13|Warnings:
LMNA,chr1,156137642.0,T,G,156107433,LMNA|1:0.88|12:-0.86|Warnings:
LMNA,chr1,156137651.0,C,G,156107442,LMNA|7:0.36|3:-0.58|Warnings:
NTRK1,chr1,156868250.0,G,T,156838042,NTRK1|10:0.05|-1:-0.75|Warnings:
NTRK1,chr1,156873600.0,T,A,156843392,NTRK1|-104:0.16|33:-0.13|Warnings:
NTRK1,chr1,156879365.0,A,C,156849157,NTRK1|-150:0.04|-3:-0.71|Warnings:
NTRK1,chr1,156881445.0,C,A,156851237,NTRK1|2:0.85|12:-0.72|Warnings:
NTRK1,chr1,156881446.0,G,A,156851238,NTRK1|2:0.85|11:-0.72|Warnings:
SPTA1,chr1,158618068.0,G,A,158587858,SPTA1|2:0.0|-12:-0.06|Warnings:
SPTA1,chr1,158643524.0,G,A,158613314,SPTA1|-29:0.1|-99:-0.01|Warnings:
MPZ,chr1,161306847.0,C,A,161276637,MPZ|6:0.24|-139:-0.03|Warnings:
SDHC,chr1,161318491.0,C,G,161288281,SDHC|-1:0.85|-198:0.0|Warnings:
SDHC,chr1,161328417.0,G,A,161298207,SDHC|2:0.02|-21:-0.02|Warnings:
SDHC,chr1,161340592.0,A,G,161310382,SDHC|46:0.03|2:-0.85|Warnings:
SDHC,chr1,161340658.0,A,G,161310448,SDHC|109:0.06|-3:-0.1|Warnings:
SDHC,chr1,161356841.0,G,C,161326631,SDHC|-61:0.03|-1:-0.86|Warnings:
SDHC,chr1,161356841.0,G,T,161326631,SDHC|-61:0.03|-1:-0.86|Warnings:
