gene,CHROM,position.dna,REF,ALT,POS,Pangolin
foo,chr19,1.0,A,G,1,
ELANE,chr19,855795.0,G,A,855795,ELANE|-31:0.17|-1:-0.81|Warnings:
ELANE,chr19,855799.0,G,A,855799,ELANE|-35:0.15|-5:-0.76|Warnings:
STK11,chr19,1218501.0,A,G,1218500,STK11|100:0.0|-84:-0.0|Warnings:
STK11,chr19,1228432.0,C,A,1228431,STK11|199:0.01|-1:-0.0|Warnings:||CBARP|6:0.01|-145:-0.0|Warnings:
PNKP,chr19,49861542.0,AGGGGTCAGGGGAGGAGG,A,50364799,PNKP|-184:0.02|-32:-0.12|Warnings:
